2026-09-17T15:25:58Z INF Thank you for trying Cloudflare Tunnel. Doing so, without a Cloudflare account, is a quick way to experiment and try it out. However, be aware that these account-less Tunnels have no uptime guarantee, are subject to the Cloudflare Online Services Terms of Use (https://www.cloudflare.com/website-terms/), and Cloudflare reserves the right to investigate your use of Tunnels for violations of such terms. If you intend to use Tunnels in production you should use a pre-created named tunnel by following: https://developers.cloudflare.com/cloudflare-one/connections/connect-apps
2026-09-17T15:25:58Z INF Requesting new quick Tunnel on trycloudflare.com...
2026-09-17T15:26:03Z INF +--------------------------------------------------------------------------------------------+
2026-09-17T15:26:03Z INF |  Your quick Tunnel has been created! Visit it at (it may take some time to be reachable):  |
2026-09-17T15:26:03Z INF |  https://edwards-gathered-creating-explained.trycloudflare.com                             |
2026-09-17T15:26:03Z INF +--------------------------------------------------------------------------------------------+
2026-09-17T15:26:03Z INF Cannot determine default configuration path. No file [config.yml config.yaml] in [~/.cloudflared ~/.cloudflare-warp ~/cloudflare-warp]
2026-09-17T15:26:03Z INF Version 2026.8.3 (Checksum 83e726ed18ea78c5ad5213c4c3a3a27051393950d2bc8ed4de69bec12d14eaae)
2026-09-17T15:26:03Z INF GOOS: windows, GOVersion: go1.26.4, GoArch: amd64
2026-09-17T15:26:03Z INF Settings: map[ha-connections:1 no-tls-verify:true protocol:quic url:https://127.0.0.1:5173]
2026-09-17T15:26:03Z INF cloudflared will not automatically update on Windows systems.
2026-09-17T15:26:03Z INF Generated Connector ID: 1acd0fb6-16e0-4160-9ed0-ae516f6d57cf
2026-09-17T15:26:03Z INF Initial protocol quic
2026-09-17T15:26:03Z INF ICMP proxy will use 192.168.1.167 as source for IPv4
2026-09-17T15:26:03Z INF ICMP proxy will use fe80::2785:47e2:3fb3:8a8c in zone Ethernet as source for IPv6
2026-09-17T15:26:04Z INF cloudflared does not support loading the system root certificate pool on Windows. Please use --origin-ca-pool <PATH> to specify the path to the certificate pool
2026-09-17T15:26:04Z INF ICMP proxy will use 192.168.1.167 as source for IPv4
2026-09-17T15:26:04Z INF Tunnel connection curve preferences: [X25519MLKEM768 CurveID(65074) CurveP256] connIndex=0 event=0 ip=198.41.200.113
2026-09-17T15:26:04Z INF ICMP proxy will use fe80::2785:47e2:3fb3:8a8c in zone Ethernet as source for IPv6
2026-09-17T15:26:04Z INF Starting metrics server on 127.0.0.1:20241/metrics
2026-09-17T15:26:04Z INF +-------------------------------------------------------------------------------------+
2026-09-17T15:26:04Z INF |                               CONNECTIVITY PRE-CHECKS                               |
2026-09-17T15:26:04Z INF +-------------------------------------------------------------------------------------+
2026-09-17T15:26:04Z INF |  COMPONENT         TARGET                     STATUS  DETAILS                       |
2026-09-17T15:26:04Z INF |  DNS Resolution    region1.v2.argotunnel.com  PASS    DNS Resolved successfully     |
2026-09-17T15:26:04Z INF |  DNS Resolution    region2.v2.argotunnel.com  PASS    DNS Resolved successfully     |
2026-09-17T15:26:04Z INF |  UDP Connectivity  region1.v2.argotunnel.com  PASS    QUIC connection successful    |
2026-09-17T15:26:04Z INF |  UDP Connectivity  region2.v2.argotunnel.com  PASS    QUIC connection successful    |
2026-09-17T15:26:04Z INF |  TCP Connectivity  region1.v2.argotunnel.com  PASS    HTTP/2 connection successful  |
2026-09-17T15:26:04Z INF |  TCP Connectivity  region2.v2.argotunnel.com  PASS    HTTP/2 connection successful  |
2026-09-17T15:26:04Z INF |  Cloudflare API    api.cloudflare.com:443     PASS    API is reachable              |
2026-09-17T15:26:04Z INF |                                                                                     |
2026-09-17T15:26:04Z INF |  SUMMARY: Environment is healthy. cloudflared will use 'quic' as primary protocol.  |
2026-09-17T15:26:04Z INF +-------------------------------------------------------------------------------------+
2026-09-17T15:26:04Z INF precheck component="DNS Resolution" details="DNS Resolved successfully" run_id=a031b305-c773-4f42-9315-dd7a39390c3a status=pass target=region1.v2.argotunnel.com
2026-09-17T15:26:04Z INF precheck component="DNS Resolution" details="DNS Resolved successfully" run_id=a031b305-c773-4f42-9315-dd7a39390c3a status=pass target=region2.v2.argotunnel.com
2026-09-17T15:26:04Z INF precheck component="UDP Connectivity" details="QUIC connection successful" run_id=a031b305-c773-4f42-9315-dd7a39390c3a status=pass target=region1.v2.argotunnel.com
2026-09-17T15:26:04Z INF precheck component="UDP Connectivity" details="QUIC connection successful" run_id=a031b305-c773-4f42-9315-dd7a39390c3a status=pass target=region2.v2.argotunnel.com
2026-09-17T15:26:04Z INF precheck component="TCP Connectivity" details="HTTP/2 connection successful" run_id=a031b305-c773-4f42-9315-dd7a39390c3a status=pass target=region1.v2.argotunnel.com
2026-09-17T15:26:04Z INF precheck component="TCP Connectivity" details="HTTP/2 connection successful" run_id=a031b305-c773-4f42-9315-dd7a39390c3a status=pass target=region2.v2.argotunnel.com
2026-09-17T15:26:04Z INF precheck component="Cloudflare API" details="API is reachable" run_id=a031b305-c773-4f42-9315-dd7a39390c3a status=pass target=api.cloudflare.com:443
2026-09-17T15:26:04Z INF precheck complete hard_fail=false run_id=a031b305-c773-4f42-9315-dd7a39390c3a suggested_protocol=quic
2026-09-17T15:26:04Z INF Registered tunnel connection connIndex=0 connection=d5703af3-016b-4ca3-9776-39d30b492cca event=0 ip=198.41.200.113 location=scl04 protocol=quic
